// Jest Snapshot v1, https://goo.gl/fbAQLP

exports[`<Loader /> should render and match the snapshot 1`] = `
<div
  id="loading-wrapper"
>
  <div
    id="loading-text"
  >
    LOADING
  </div>
  <div
    id="loading-content"
  />
</div>
`;
